// Vitest Snapshot v1, https://vitest.dev/guide/snapshot.html

exports[`AdditionalSection.vue > matches the snapshot 1`] = `
"<div class="form">
  <fieldset data-v-7fdf210c="" class="dynamic-list" id="languages">
    <details data-v-7fdf210c="" name="skills-curtain" open="">
      <summary data-v-7fdf210c="">
        <header data-v-7fdf210c="">
          <legend data-v-7fdf210c="">Languages</legend>
          <div data-v-7fdf210c="" class="buttons"><button data-v-7fdf210c="" class="primary icon" data-action="add"><svg data-v-7fdf210c="" xmlns="http://www.w3.org/2000/svg" fill="none" stroke="currentColor" viewBox="0 0 24 24">
                <path stroke-linecap="round" stroke-linejoin="round" stroke-width="2" d="M12 6v6m0 0v6m0-6h6m-6 0H6"></path>
              </svg></button>
            <!--v-if-->
          </div>
        </header>
      </summary>
      <ul data-v-7fdf210c="" class="dynamic-list__items">
        <li data-v-7fdf210c="" class="list-item list-item--column">
          <fieldset id="language-fieldset-0">
            <details name="language-curtain" open="">
              <summary>
                <header>
                  <legend>English</legend>
                </header>
              </summary>
              <div class="form">
                <div data-v-b9645e84="" class="form-field"><input data-v-b9645e84="" fieldtype="" id="language-0" id-prop="" class="form-field__input" placeholder="English, Dutch, Spanish, etc." required="" aria-labelledby="language-0" aria-describedby="language-0-helper" modelvalue="English" type="text" value="English"><label data-v-b9645e84="" for="language-0">Language</label><small data-v-b9645e84="" id="\`\${id}-helper\`" class="help-text">Enter the language you speak.</small>
                  <!--v-if-->
                </div>
                <div data-v-b9645e84="" class="form-field"><select data-v-b9645e84="" fieldtype="" id="language-experience-0" id-prop="" class="form-field__input" placeholder="languageExperiencePlaceholder" required="" aria-labelledby="language-experience-0" aria-describedby="language-experience-0-helper" modelvalue="Fluent/Native" value="Fluent/Native">
                    <option data-v-b9645e84="" data-test="Fluent/Native" value="">languageExperiencePlaceholder</option>
                    <option data-v-b9645e84="" value="Beginner">Beginner</option>
                    <option data-v-b9645e84="" value="Intermediate">Intermediate</option>
                    <option data-v-b9645e84="" value="Advanced">Advanced</option>
                    <option data-v-b9645e84="" selected="" value="Fluent/Native">Fluent / Native</option>
                  </select><label data-v-b9645e84="" for="language-experience-0">languageExperience</label><small data-v-b9645e84="" id="\`\${id}-helper\`" class="help-text">languageExperienceHelperText</small>
                  <!--v-if-->
                </div><button type="button" class="secondary" data-action="remove">Remove Language</button>
              </div>
            </details>
          </fieldset>
        </li>
      </ul>
    </details>
  </fieldset>
</div>"
`;
